[robosuite WARNING] No private macro file found! (__init__.py:7)
[robosuite WARNING] It is recommended to use a private macro file (__init__.py:8)
[robosuite WARNING] To setup, run: python /home/current/work/openpi-demo/work/cosmos-venv/lib/python3.10/site-packages/robosuite/scripts/setup_macros.py (__init__.py:9)
[info] using task orders [0, 1, 2, 3, 4, 5, 6, 7, 8, 9]
Local assets not found. Downloading from HuggingFace Hub...
Assets already downloaded at /home/current/.cache/libero/assets
Traceback (most recent call last):
  File "/home/current/work/cosmos3/work/run_cosmos_milk_instruction_interaction.py", line 535, in <module>
    main()
  File "/home/current/work/cosmos3/work/run_cosmos_milk_instruction_interaction.py", line 527, in main
    server(baseline) if args.mode == 'server' else simulate(baseline)
  File "/home/current/work/cosmos3/work/run_cosmos_milk_instruction_interaction.py", line 424, in simulate
    legacy.execute_trials(out, [label], collector, rollout, simulator, frozen)
  File "/home/current/work/cosmos3/work/run_cosmos_milk_matched_names.py", line 602, in execute_trials
    env, _ = make_env()
  File "/home/current/work/cosmos3/work/rollout_cosmos_milk_shift_mechanism.py", line 149, in make_env
    env, description = get_libero_env(suite.get_task(7), 'cosmos', resolution=256)
  File "/home/current/work/openpi-demo/cosmos-policy/cosmos_policy/experiments/robot/libero/libero_utils.py", line 35, in get_libero_env
    env = OffScreenRenderEnv(**env_args)
  File "/home/current/work/openpi-demo/work/cosmos-venv/lib/python3.10/site-packages/libero/libero/envs/env_wrapper.py", line 161, in __init__
    super().__init__(**kwargs)
  File "/home/current/work/openpi-demo/work/cosmos-venv/lib/python3.10/site-packages/libero/libero/envs/env_wrapper.py", line 56, in __init__
    self.env = TASK_MAPPING[self.problem_name](
  File "/home/current/work/openpi-demo/work/cosmos-venv/lib/python3.10/site-packages/libero/libero/envs/problems/libero_floor_manipulation.py", line 37, in __init__
    super().__init__(bddl_file_name, *args, **kwargs)
  File "/home/current/work/openpi-demo/work/cosmos-venv/lib/python3.10/site-packages/libero/libero/envs/bddl_base_domain.py", line 137, in __init__
    super().__init__(
  File "/home/current/work/openpi-demo/work/cosmos-venv/lib/python3.10/site-packages/robosuite/environments/manipulation/manipulation_env.py", line 162, in __init__
    super().__init__(
  File "/home/current/work/openpi-demo/work/cosmos-venv/lib/python3.10/site-packages/robosuite/environments/robot_env.py", line 214, in __init__
    super().__init__(
  File "/home/current/work/openpi-demo/work/cosmos-venv/lib/python3.10/site-packages/robosuite/environments/base.py", line 143, in __init__
    self._reset_internal()
  File "/home/current/work/openpi-demo/work/cosmos-venv/lib/python3.10/site-packages/libero/libero/envs/bddl_base_domain.py", line 737, in _reset_internal
    super()._reset_internal()
  File "/home/current/work/openpi-demo/work/cosmos-venv/lib/python3.10/site-packages/robosuite/environments/robot_env.py", line 510, in _reset_internal
    super()._reset_internal()
  File "/home/current/work/openpi-demo/work/cosmos-venv/lib/python3.10/site-packages/robosuite/environments/base.py", line 296, in _reset_internal
    render_context = MjRenderContextOffscreen(self.sim, device_id=self.render_gpu_device_id)
  File "/home/current/work/openpi-demo/work/cosmos-venv/lib/python3.10/site-packages/robosuite/utils/binding_utils.py", line 210, in __init__
    super().__init__(sim, offscreen=True, device_id=device_id, max_width=max_width, max_height=max_height)
  File "/home/current/work/openpi-demo/work/cosmos-venv/lib/python3.10/site-packages/robosuite/utils/binding_utils.py", line 78, in __init__
    self.gl_ctx = GLContext(max_width=max_width, max_height=max_height, device_id=self.device_id)
  File "/home/current/work/openpi-demo/work/cosmos-venv/lib/python3.10/site-packages/robosuite/renderers/context/egl_context.py", line 121, in __init__
    EGL_DISPLAY = create_initialized_egl_device_display(device_id=device_id)
  File "/home/current/work/openpi-demo/work/cosmos-venv/lib/python3.10/site-packages/robosuite/renderers/context/egl_context.py", line 52, in create_initialized_egl_device_display
    device_inds = [int(x) for x in selected_device.split(",")]
  File "/home/current/work/openpi-demo/work/cosmos-venv/lib/python3.10/site-packages/robosuite/renderers/context/egl_context.py", line 52, in <listcomp>
    device_inds = [int(x) for x in selected_device.split(",")]
ValueError: invalid literal for int() with base 10: ''
Exception ignored in: <function EGLGLContext.__del__ at 0x79edcc944f70>
Traceback (most recent call last):
  File "/home/current/work/openpi-demo/work/cosmos-venv/lib/python3.10/site-packages/robosuite/renderers/context/egl_context.py", line 155, in __del__
    self.free()
  File "/home/current/work/openpi-demo/work/cosmos-venv/lib/python3.10/site-packages/robosuite/renderers/context/egl_context.py", line 146, in free
    if self._context:
AttributeError: 'EGLGLContext' object has no attribute '_context'
Exception ignored in: <function MjRenderContext.__del__ at 0x79edcc945120>
Traceback (most recent call last):
  File "/home/current/work/openpi-demo/work/cosmos-venv/lib/python3.10/site-packages/robosuite/utils/binding_utils.py", line 198, in __del__
    self.con.free()
AttributeError: 'MjRenderContextOffscreen' object has no attribute 'con'
