[robosuite WARNING] No private macro file found! (__init__.py:7)
[robosuite WARNING] It is recommended to use a private macro file (__init__.py:8)
[robosuite WARNING] To setup, run: python /home/current/work/openpi-demo/work/cosmos-venv/lib/python3.10/site-packages/robosuite/scripts/setup_macros.py (__init__.py:9)
[info] using task orders [0, 1, 2, 3, 4, 5, 6, 7, 8, 9]
Local assets not found. Downloading from HuggingFace Hub...
Assets already downloaded at /home/current/.cache/libero/assets
[MATCHED-NAMES] x15_milk_box_from_cream_cheese_V198_A195_live_self 1 []
[MATCHED-NAMES] x15_milk_box_from_cream_cheese_V198_A195_live_self 2 []
[MATCHED-NAMES] x15_milk_box_from_cream_cheese_V198_A195_live_self 3 []
[MATCHED-NAMES] x15_milk_box_from_cream_cheese_V198_A195_live_self 4 ['milk_1']
[MATCHED-NAMES] x15_milk_box_from_cream_cheese_V198_A195_live_self 5 ['milk_1']
[MATCHED-NAMES] x15_milk_box_from_cream_cheese_V198_A195_live_self 6 ['milk_1']
[MATCHED-NAMES] x15_milk_box_from_cream_cheese_V198_A195_live_self 7 ['milk_1']
[MATCHED-NAMES] x15_milk_box_from_cream_cheese_V198_A195_live_self 8 ['milk_1']
[MATCHED-NAMES] COMPLETE {"state": "selected_trials_complete", "cases": 1, "completed_trials": ["x15_milk_box_from_cream_cheese_V198_A195_live_self"], "steps_per_case": 128, "queries_per_case": 8, "state_records_per_case": 129, "additional_warmup_steps": 0}
[info] using task orders [0, 1, 2, 3, 4, 5, 6, 7, 8, 9]
[MATCHED-NAMES] x15_cream_cheese_from_milk_box_V198_A195_live_self 1 []
[MATCHED-NAMES] x15_cream_cheese_from_milk_box_V198_A195_live_self 2 []
[MATCHED-NAMES] x15_cream_cheese_from_milk_box_V198_A195_live_self 3 []
[MATCHED-NAMES] x15_cream_cheese_from_milk_box_V198_A195_live_self 4 ['cream_cheese_1']
[MATCHED-NAMES] x15_cream_cheese_from_milk_box_V198_A195_live_self 5 ['cream_cheese_1']
[MATCHED-NAMES] x15_cream_cheese_from_milk_box_V198_A195_live_self 6 ['cream_cheese_1']
[MATCHED-NAMES] x15_cream_cheese_from_milk_box_V198_A195_live_self 7 ['cream_cheese_1']
[MATCHED-NAMES] x15_cream_cheese_from_milk_box_V198_A195_live_self 8 []
[MATCHED-NAMES] COMPLETE {"state": "selected_trials_complete", "cases": 2, "completed_trials": ["x15_milk_box_from_cream_cheese_V198_A195_live_self", "x15_cream_cheese_from_milk_box_V198_A195_live_self"], "steps_per_case": 128, "queries_per_case": 8, "state_records_per_case": 129, "additional_warmup_steps": 0}
[info] using task orders [0, 1, 2, 3, 4, 5, 6, 7, 8, 9]
[MATCHED-NAMES] x15_milk_box_from_cream_cheese_V198_A195_suffix_joint 1 []
[MATCHED-NAMES] x15_milk_box_from_cream_cheese_V198_A195_suffix_joint 2 []
[MATCHED-NAMES] x15_milk_box_from_cream_cheese_V198_A195_suffix_joint 3 []
[MATCHED-NAMES] x15_milk_box_from_cream_cheese_V198_A195_suffix_joint 4 ['milk_1']
[MATCHED-NAMES] x15_milk_box_from_cream_cheese_V198_A195_suffix_joint 5 ['milk_1']
[MATCHED-NAMES] x15_milk_box_from_cream_cheese_V198_A195_suffix_joint 6 ['milk_1']
[MATCHED-NAMES] x15_milk_box_from_cream_cheese_V198_A195_suffix_joint 7 ['milk_1']
[MATCHED-NAMES] x15_milk_box_from_cream_cheese_V198_A195_suffix_joint 8 ['milk_1']
[MATCHED-NAMES] COMPLETE {"state": "selected_trials_complete", "cases": 3, "completed_trials": ["x15_milk_box_from_cream_cheese_V198_A195_live_self", "x15_cream_cheese_from_milk_box_V198_A195_live_self", "x15_milk_box_from_cream_cheese_V198_A195_suffix_joint"], "steps_per_case": 128, "queries_per_case": 8, "state_records_per_case": 129, "additional_warmup_steps": 0}
[info] using task orders [0, 1, 2, 3, 4, 5, 6, 7, 8, 9]
[MATCHED-NAMES] x15_cream_cheese_from_milk_box_V198_A195_suffix_joint 1 []
[MATCHED-NAMES] x15_cream_cheese_from_milk_box_V198_A195_suffix_joint 2 []
[MATCHED-NAMES] x15_cream_cheese_from_milk_box_V198_A195_suffix_joint 3 []
[MATCHED-NAMES] x15_cream_cheese_from_milk_box_V198_A195_suffix_joint 4 ['cream_cheese_1']
[MATCHED-NAMES] x15_cream_cheese_from_milk_box_V198_A195_suffix_joint 5 ['cream_cheese_1']
[MATCHED-NAMES] x15_cream_cheese_from_milk_box_V198_A195_suffix_joint 6 ['cream_cheese_1']
[MATCHED-NAMES] x15_cream_cheese_from_milk_box_V198_A195_suffix_joint 7 ['cream_cheese_1']
[MATCHED-NAMES] x15_cream_cheese_from_milk_box_V198_A195_suffix_joint 8 []
[MATCHED-NAMES] COMPLETE {"state": "selected_trials_complete", "cases": 4, "completed_trials": ["x15_milk_box_from_cream_cheese_V198_A195_live_self", "x15_cream_cheese_from_milk_box_V198_A195_live_self", "x15_milk_box_from_cream_cheese_V198_A195_suffix_joint", "x15_cream_cheese_from_milk_box_V198_A195_suffix_joint"], "steps_per_case": 128, "queries_per_case": 8, "state_records_per_case": 129, "additional_warmup_steps": 0}
[info] using task orders [0, 1, 2, 3, 4, 5, 6, 7, 8, 9]
[MATCHED-NAMES] x15_milk_box_from_cream_cheese_V198_A195_suffix_joint_native_mlp 1 []
[MATCHED-NAMES] x15_milk_box_from_cream_cheese_V198_A195_suffix_joint_native_mlp 2 []
[MATCHED-NAMES] x15_milk_box_from_cream_cheese_V198_A195_suffix_joint_native_mlp 3 []
[MATCHED-NAMES] x15_milk_box_from_cream_cheese_V198_A195_suffix_joint_native_mlp 4 ['milk_1']
[MATCHED-NAMES] x15_milk_box_from_cream_cheese_V198_A195_suffix_joint_native_mlp 5 ['milk_1']
[MATCHED-NAMES] x15_milk_box_from_cream_cheese_V198_A195_suffix_joint_native_mlp 6 ['milk_1']
[MATCHED-NAMES] x15_milk_box_from_cream_cheese_V198_A195_suffix_joint_native_mlp 7 ['milk_1']
[MATCHED-NAMES] x15_milk_box_from_cream_cheese_V198_A195_suffix_joint_native_mlp 8 ['milk_1']
[MATCHED-NAMES] COMPLETE {"state": "selected_trials_complete", "cases": 5, "completed_trials": ["x15_milk_box_from_cream_cheese_V198_A195_live_self", "x15_cream_cheese_from_milk_box_V198_A195_live_self", "x15_milk_box_from_cream_cheese_V198_A195_suffix_joint", "x15_cream_cheese_from_milk_box_V198_A195_suffix_joint", "x15_milk_box_from_cream_cheese_V198_A195_suffix_joint_native_mlp"], "steps_per_case": 128, "queries_per_case": 8, "state_records_per_case": 129, "additional_warmup_steps": 0}
[info] using task orders [0, 1, 2, 3, 4, 5, 6, 7, 8, 9]
[MATCHED-NAMES] x15_cream_cheese_from_milk_box_V198_A195_suffix_joint_native_mlp 1 []
[MATCHED-NAMES] x15_cream_cheese_from_milk_box_V198_A195_suffix_joint_native_mlp 2 []
[MATCHED-NAMES] x15_cream_cheese_from_milk_box_V198_A195_suffix_joint_native_mlp 3 []
[MATCHED-NAMES] x15_cream_cheese_from_milk_box_V198_A195_suffix_joint_native_mlp 4 ['cream_cheese_1']
[MATCHED-NAMES] x15_cream_cheese_from_milk_box_V198_A195_suffix_joint_native_mlp 5 ['cream_cheese_1']
[MATCHED-NAMES] x15_cream_cheese_from_milk_box_V198_A195_suffix_joint_native_mlp 6 ['cream_cheese_1']
[MATCHED-NAMES] x15_cream_cheese_from_milk_box_V198_A195_suffix_joint_native_mlp 7 ['cream_cheese_1']
[MATCHED-NAMES] x15_cream_cheese_from_milk_box_V198_A195_suffix_joint_native_mlp 8 []
[MATCHED-NAMES] COMPLETE {"state": "selected_trials_complete", "cases": 6, "completed_trials": ["x15_milk_box_from_cream_cheese_V198_A195_live_self", "x15_cream_cheese_from_milk_box_V198_A195_live_self", "x15_milk_box_from_cream_cheese_V198_A195_suffix_joint", "x15_cream_cheese_from_milk_box_V198_A195_suffix_joint", "x15_milk_box_from_cream_cheese_V198_A195_suffix_joint_native_mlp", "x15_cream_cheese_from_milk_box_V198_A195_suffix_joint_native_mlp"], "steps_per_case": 128, "queries_per_case": 8, "state_records_per_case": 129, "additional_warmup_steps": 0}
[info] using task orders [0, 1, 2, 3, 4, 5, 6, 7, 8, 9]
[MATCHED-NAMES] x15_milk_box_from_cream_cheese_V198_A195_matched_random 1 []
[MATCHED-NAMES] x15_milk_box_from_cream_cheese_V198_A195_matched_random 2 []
[MATCHED-NAMES] x15_milk_box_from_cream_cheese_V198_A195_matched_random 3 []
[MATCHED-NAMES] x15_milk_box_from_cream_cheese_V198_A195_matched_random 4 ['milk_1']
[MATCHED-NAMES] x15_milk_box_from_cream_cheese_V198_A195_matched_random 5 ['milk_1']
[MATCHED-NAMES] x15_milk_box_from_cream_cheese_V198_A195_matched_random 6 ['milk_1']
[MATCHED-NAMES] x15_milk_box_from_cream_cheese_V198_A195_matched_random 7 ['milk_1']
[MATCHED-NAMES] x15_milk_box_from_cream_cheese_V198_A195_matched_random 8 ['milk_1']
[MATCHED-NAMES] COMPLETE {"state": "selected_trials_complete", "cases": 7, "completed_trials": ["x15_milk_box_from_cream_cheese_V198_A195_live_self", "x15_cream_cheese_from_milk_box_V198_A195_live_self", "x15_milk_box_from_cream_cheese_V198_A195_suffix_joint", "x15_cream_cheese_from_milk_box_V198_A195_suffix_joint", "x15_milk_box_from_cream_cheese_V198_A195_suffix_joint_native_mlp", "x15_cream_cheese_from_milk_box_V198_A195_suffix_joint_native_mlp", "x15_milk_box_from_cream_cheese_V198_A195_matched_random"], "steps_per_case": 128, "queries_per_case": 8, "state_records_per_case": 129, "additional_warmup_steps": 0}
[info] using task orders [0, 1, 2, 3, 4, 5, 6, 7, 8, 9]
[MATCHED-NAMES] x15_cream_cheese_from_milk_box_V198_A195_matched_random 1 []
[MATCHED-NAMES] x15_cream_cheese_from_milk_box_V198_A195_matched_random 2 []
[MATCHED-NAMES] x15_cream_cheese_from_milk_box_V198_A195_matched_random 3 []
[MATCHED-NAMES] x15_cream_cheese_from_milk_box_V198_A195_matched_random 4 ['cream_cheese_1']
[MATCHED-NAMES] x15_cream_cheese_from_milk_box_V198_A195_matched_random 5 ['cream_cheese_1']
[MATCHED-NAMES] x15_cream_cheese_from_milk_box_V198_A195_matched_random 6 ['cream_cheese_1']
[MATCHED-NAMES] x15_cream_cheese_from_milk_box_V198_A195_matched_random 7 ['cream_cheese_1']
[MATCHED-NAMES] x15_cream_cheese_from_milk_box_V198_A195_matched_random 8 []
[MATCHED-NAMES] COMPLETE {"state": "complete", "cases": 8, "completed_trials": ["x15_milk_box_from_cream_cheese_V198_A195_live_self", "x15_cream_cheese_from_milk_box_V198_A195_live_self", "x15_milk_box_from_cream_cheese_V198_A195_suffix_joint", "x15_cream_cheese_from_milk_box_V198_A195_suffix_joint", "x15_milk_box_from_cream_cheese_V198_A195_suffix_joint_native_mlp", "x15_cream_cheese_from_milk_box_V198_A195_suffix_joint_native_mlp", "x15_milk_box_from_cream_cheese_V198_A195_matched_random", "x15_cream_cheese_from_milk_box_V198_A195_matched_random"], "steps_per_case": 128, "queries_per_case": 8, "state_records_per_case": 129, "additional_warmup_steps": 0}
