[robosuite WARNING] No private macro file found! (__init__.py:7)
[robosuite WARNING] It is recommended to use a private macro file (__init__.py:8)
[robosuite WARNING] To setup, run: python /home/current/work/openpi-demo/work/cosmos-venv/lib/python3.10/site-packages/robosuite/scripts/setup_macros.py (__init__.py:9)
[info] using task orders [0, 1, 2, 3, 4, 5, 6, 7, 8, 9]
Local assets not found. Downloading from HuggingFace Hub...
Assets already downloaded at /home/current/.cache/libero/assets
[GOAL-PAIR-ROLLOUT] bowl 1 []
[GOAL-PAIR-ROLLOUT] bowl 2 []
[GOAL-PAIR-ROLLOUT] bowl 3 []
[GOAL-PAIR-ROLLOUT] bowl 4 ['akita_black_bowl_1']
[GOAL-PAIR-ROLLOUT] bowl 5 ['akita_black_bowl_1']
[GOAL-PAIR-ROLLOUT] bowl 6 []
[GOAL-PAIR-ROLLOUT] bowl 7 []
[GOAL-PAIR-ROLLOUT] bowl 8 []
[GOAL-PAIR-ROLLOUT] wine 1 []
[GOAL-PAIR-ROLLOUT] wine 2 []
[GOAL-PAIR-ROLLOUT] wine 3 ['wine_bottle_1']
[GOAL-PAIR-ROLLOUT] wine 4 ['wine_bottle_1']
[GOAL-PAIR-ROLLOUT] wine 5 ['wine_bottle_1']
[GOAL-PAIR-ROLLOUT] wine 6 []
[GOAL-PAIR-ROLLOUT] wine 7 []
[GOAL-PAIR-ROLLOUT] wine 8 ['wine_bottle_1']
[GOAL-PAIR-ROLLOUT] complete
